******************************************************************************
                  TI ARM Linker PC v20.2.4                     
******************************************************************************
>> Linked Sat Jan  9 15:24:38 2021

OUTPUT FILE NAME:   <ece230project3BrothertonC.out>
ENTRY POINT SYMBOL: "_c_int00_noargs"  address: 000006dd


MEMORY CONFIGURATION

         name            origin    length      used     unused   attr    fill
----------------------  --------  ---------  --------  --------  ----  --------
  MAIN                  00000000   00040000  00000942  0003f6be  R  X
  INFO                  00200000   00004000  00000000  00004000  R  X
  SRAM_CODE             01000000   00010000  0000020c  0000fdf4  RW X
  SRAM_DATA             20000000   00010000  0000020c  0000fdf4  RW  


SEGMENT ALLOCATION MAP

run origin  load origin   length   init length attrs members
----------  ----------- ---------- ----------- ----- -------
00000000    00000000    00000948   00000948    r-x
  00000000    00000000    000000e4   000000e4    r-- .intvecs
  000000e4    000000e4    0000076e   0000076e    r-x .text
  00000854    00000854    000000c0   000000c0    r-- .const
  00000918    00000918    00000030   00000030    r-- .cinit
20000000    20000000    0000000c   00000000    rw-
  20000000    20000000    00000008   00000000    rw- .bss
  20000008    20000008    00000004   00000000    rw- .data
2000fe00    2000fe00    00000200   00000000    rw-
  2000fe00    2000fe00    00000200   00000000    rw- .stack


SECTION ALLOCATION MAP

 output                                  attributes/
section   page    origin      length       input sections
--------  ----  ----------  ----------   ----------------
.intvecs   0    00000000    000000e4     
                  00000000    000000e4     startup_msp432p401r_ccs.obj (.intvecs:retain)

.text      0    000000e4    0000076e     
                  000000e4    000000fc     main.obj (.text:setup)
                  000001e0    000000e8     main.obj (.text:play)
                  000002c8    000000e4     msp432p4xx_driverlib.lib : cs.o (.text:CS_startHFXTWithTimeout)
                  000003ac    000000dc                              : cs.o (.text:_CSGetHFXTFrequency)
                  00000488    0000009c     rtsv7M4_T_le_v4SPD16_eabi.lib : memcpy_t2.asm.obj (.text)
                  00000524    00000078     system_msp432p401r.obj (.text:SystemInit)
                  0000059c    00000068     rtsv7M4_T_le_v4SPD16_eabi.lib : copy_decompress_lzss.c.obj (.text:decompress:lzss:__TI_decompress_lzss)
                  00000604    00000058     msp432p4xx_driverlib.lib : gpio.o (.text:GPIO_setAsInputPinWithPullUpResistor)
                  0000065c    00000044     rtsv7M4_T_le_v4SPD16_eabi.lib : autoinit.c.obj (.text:__TI_auto_init_nobinit_nopinit:__TI_auto_init_nobinit_nopinit)
                  000006a0    0000003c     main.obj (.text:loop)
                  000006dc    00000034     rtsv7M4_T_le_v4SPD16_eabi.lib : boot_cortex_m.c.obj (.text:_c_int00_noargs:_c_int00_noargs)
                  00000710    00000030     msp432p4xx_driverlib.lib : gpio.o (.text:GPIO_getInputPinValue)
                  00000740    00000020                              : cs.o (.text:CS_setExternalClockSourceFrequency)
                  00000760    0000001e     Switch.obj (.text:Switch_pressed)
                  0000077e    0000001e     main.obj (.text:debounce)
                  0000079c    0000001c     rtsv7M4_T_le_v4SPD16_eabi.lib : copy_zero_init.c.obj (.text:decompress:ZI:__TI_zero_init_nomemset:__TI_zero_init_nomemset)
                  000007b8    00000018     msp432p4xx_driverlib.lib : sysctl_a.o (.text:SysCtl_A_disableNMISource)
                  000007d0    00000018                              : sysctl_a.o (.text:SysCtl_A_enableNMISource)
                  000007e8    00000018     main.obj (.text:main)
                  00000800    00000012     msp432p4xx_driverlib.lib : cs.o (.text:CS_startHFXT)
                  00000812    00000002     startup_msp432p401r_ccs.obj (.text:Default_Handler)
                  00000814    00000010     msp432p4xx_driverlib.lib : sysctl_a.o (.text:SysCtl_A_getNMISourceStatus)
                  00000824    0000000e     rtsv7M4_T_le_v4SPD16_eabi.lib : copy_decompress_none.c.obj (.text:decompress:none:__TI_decompress_none)
                  00000832    0000000c     startup_msp432p401r_ccs.obj (.text:Reset_Handler)
                  0000083e    0000000c     Switch.obj (.text:Switch_init)
                  0000084a    00000004     rtsv7M4_T_le_v4SPD16_eabi.lib : pre_init.c.obj (.text:_system_pre_init)
                  0000084e    00000004                                   : exit.c.obj (.text:abort:abort)

.const     0    00000854    000000c0     
                  00000854    00000060     main.obj (.const:noteHalfPeriod)
                  000008b4    00000030     msp432p4xx_driverlib.lib : gpio.o (.const:GPIO_PORT_TO_BASE)
                  000008e4    00000018     main.obj (.const:upConfig)
                  000008fc    00000010     main.obj (.const:compareConfig_PWM1)
                  0000090c    00000008     main.obj (.const:.string:port_mapping)

.cinit     0    00000918    00000030     
                  00000918    0000000c     (__TI_handler_table)
                  00000924    00000004     --HOLE-- [fill = 0]
                  00000928    00000008     (.cinit..bss.load) [load image, compression = zero_init]
                  00000930    00000007     (.cinit..data.load) [load image, compression = lzss]
                  00000937    00000001     --HOLE-- [fill = 0]
                  00000938    00000010     (__TI_cinit_table)

.init_array 
*          0    00000000    00000000     UNINITIALIZED

.binit     0    00000000    00000000     

.bss       0    20000000    00000008     UNINITIALIZED
                  20000000    00000008     msp432p4xx_driverlib.lib : cs.o (.bss)

.data      0    20000008    00000004     UNINITIALIZED
                  20000008    00000004     main.obj (.data)

.stack     0    2000fe00    00000200     UNINITIALIZED
                  2000fe00    00000004     rtsv7M4_T_le_v4SPD16_eabi.lib : boot_cortex_m.c.obj (.stack)
                  2000fe04    000001fc     --HOLE--

__llvm_prf_cnts 
*          0    20000000    00000000     UNINITIALIZED

MODULE SUMMARY

       Module                        code   ro data   rw data
       ------                        ----   -------   -------
    .\
       main.obj                      598    144       8      
       system_msp432p401r.obj        120    0         0      
       Switch.obj                    42     0         0      
    +--+-----------------------------+------+---------+---------+
       Total:                        760    144       8      
                                                             
    .\ccs\
       startup_msp432p401r_ccs.obj   14     228       0      
    +--+-----------------------------+------+---------+---------+
       Total:                        14     228       0      
                                                             
    C:/ti/simplelink_msp432p4_sdk_3_40_01_02/source/ti/devices/msp432p4xx/driverlib/ccs/msp432p4xx_driverlib.lib
       cs.o                          498    0         16     
       gpio.o                        136    48        0      
       sysctl_a.o                    64     0         0      
    +--+-----------------------------+------+---------+---------+
       Total:                        698    48        16     
                                                             
    C:\ti\ccs1011\ccs\tools\compiler\ti-cgt-arm_20.2.4.LTS\lib\rtsv7M4_T_le_v4SPD16_eabi.lib
       memcpy_t2.asm.obj             156    0         0      
       copy_decompress_lzss.c.obj    104    0         0      
       autoinit.c.obj                68     0         0      
       boot_cortex_m.c.obj           52     0         0      
       copy_zero_init.c.obj          28     0         0      
       copy_decompress_none.c.obj    14     0         0      
       exit.c.obj                    4      0         0      
       pre_init.c.obj                4      0         0      
    +--+-----------------------------+------+---------+---------+
       Total:                        430    0         0      
                                                             
       Stack:                        0      0         1024   
       Linker Generated:             0      43        0      
    +--+-----------------------------+------+---------+---------+
       Grand Total:                  1902   463       1048   


LINKER GENERATED COPY TABLES

__TI_cinit_table @ 00000938 records: 2, size/record: 8, table size: 16
	.bss: load addr=00000928, load size=00000008 bytes, run addr=20000000, run size=00000008 bytes, compression=zero_init
	.data: load addr=00000930, load size=00000007 bytes, run addr=20000008, run size=00000004 bytes, compression=lzss


LINKER GENERATED HANDLER TABLE

__TI_handler_table @ 00000918 records: 3, size/record: 4, table size: 12
	index: 0, handler: __TI_decompress_lzss
	index: 1, handler: __TI_decompress_none
	index: 2, handler: __TI_zero_init


GLOBAL SYMBOLS: SORTED ALPHABETICALLY BY Name 

address   name                                
-------   ----                                
00000813  ADC14_IRQHandler                    
00000813  AES256_IRQHandler                   
00000813  BusFault_Handler                    
0000084f  C$$EXIT                             
00000813  COMP_E0_IRQHandler                  
00000813  COMP_E1_IRQHandler                  
00000813  CS_IRQHandler                       
00000741  CS_setExternalClockSourceFrequency  
00000801  CS_startHFXT                        
000002c9  CS_startHFXTWithTimeout             
00000813  DMA_ERR_IRQHandler                  
00000813  DMA_INT0_IRQHandler                 
00000813  DMA_INT1_IRQHandler                 
00000813  DMA_INT2_IRQHandler                 
00000813  DMA_INT3_IRQHandler                 
00000813  DebugMon_Handler                    
00000813  Default_Handler                     
00000813  EUSCIA0_IRQHandler                  
00000813  EUSCIA1_IRQHandler                  
00000813  EUSCIA2_IRQHandler                  
00000813  EUSCIA3_IRQHandler                  
00000813  EUSCIB0_IRQHandler                  
00000813  EUSCIB1_IRQHandler                  
00000813  EUSCIB2_IRQHandler                  
00000813  EUSCIB3_IRQHandler                  
00000813  FLCTL_IRQHandler                    
00000813  FPU_IRQHandler                      
00000711  GPIO_getInputPinValue               
00000605  GPIO_setAsInputPinWithPullUpResistor
00000813  HardFault_Handler                   
00000813  MemManage_Handler                   
00000813  NMI_Handler                         
00000813  PCM_IRQHandler                      
00000813  PORT1_IRQHandler                    
00000813  PORT2_IRQHandler                    
00000813  PORT3_IRQHandler                    
00000813  PORT4_IRQHandler                    
00000813  PORT5_IRQHandler                    
00000813  PORT6_IRQHandler                    
00000813  PSS_IRQHandler                      
00000813  PendSV_Handler                      
00000813  RTC_C_IRQHandler                    
00000833  Reset_Handler                       
00000813  SVC_Handler                         
0000083f  Switch_init                         
00000761  Switch_pressed                      
000007b9  SysCtl_A_disableNMISource           
000007d1  SysCtl_A_enableNMISource            
00000815  SysCtl_A_getNMISourceStatus         
00000813  SysTick_Handler                     
00000525  SystemInit                          
00000813  T32_INT1_IRQHandler                 
00000813  T32_INT2_IRQHandler                 
00000813  T32_INTC_IRQHandler                 
00000813  TA0_0_IRQHandler                    
00000813  TA0_N_IRQHandler                    
00000813  TA1_0_IRQHandler                    
00000813  TA1_N_IRQHandler                    
00000813  TA2_0_IRQHandler                    
00000813  TA2_N_IRQHandler                    
00000813  TA3_0_IRQHandler                    
00000813  TA3_N_IRQHandler                    
00000813  UsageFault_Handler                  
4000480c  WDTCTL_SYM                          
00000813  WDT_A_IRQHandler                    
20010000  __STACK_END                         
00000200  __STACK_SIZE                        
00000938  __TI_CINIT_Base                     
00000948  __TI_CINIT_Limit                    
00000918  __TI_Handler_Table_Base             
00000924  __TI_Handler_Table_Limit            
0000065d  __TI_auto_init_nobinit_nopinit      
0000059d  __TI_decompress_lzss                
00000825  __TI_decompress_none                
ffffffff  __TI_pprof_out_hndl                 
ffffffff  __TI_prof_data_size                 
ffffffff  __TI_prof_data_start                
00000000  __TI_static_base__                  
0000079d  __TI_zero_init_nomemset             
00000489  __aeabi_memcpy                      
00000489  __aeabi_memcpy4                     
00000489  __aeabi_memcpy8                     
ffffffff  __binit__                           
ffffffff  __c_args__                          
UNDEFED   __mpu_init                          
2000fe00  __stack                             
20000000  __start___llvm_prf_cnts             
20000000  __stop___llvm_prf_cnts              
000006dd  _c_int00_noargs                     
UNDEFED   _system_post_cinit                  
0000084b  _system_pre_init                    
0000084f  abort                               
ffffffff  binit                               
000008fc  compareConfig_PWM1                  
0000077f  debounce                            
00000000  interruptVectors                    
000006a1  loop                                
000007e9  main                                
00000489  memcpy                              
00000854  noteHalfPeriod                      
20000008  noteIndex                           
000001e1  play                                
0000090c  port_mapping                        
000000e5  setup                               
000008e4  upConfig                            


GLOBAL SYMBOLS: SORTED BY Symbol Address 

address   name                                
-------   ----                                
00000000  __TI_static_base__                  
00000000  interruptVectors                    
000000e5  setup                               
000001e1  play                                
00000200  __STACK_SIZE                        
000002c9  CS_startHFXTWithTimeout             
00000489  __aeabi_memcpy                      
00000489  __aeabi_memcpy4                     
00000489  __aeabi_memcpy8                     
00000489  memcpy                              
00000525  SystemInit                          
0000059d  __TI_decompress_lzss                
00000605  GPIO_setAsInputPinWithPullUpResistor
0000065d  __TI_auto_init_nobinit_nopinit      
000006a1  loop                                
000006dd  _c_int00_noargs                     
00000711  GPIO_getInputPinValue               
00000741  CS_setExternalClockSourceFrequency  
00000761  Switch_pressed                      
0000077f  debounce                            
0000079d  __TI_zero_init_nomemset             
000007b9  SysCtl_A_disableNMISource           
000007d1  SysCtl_A_enableNMISource            
000007e9  main                                
00000801  CS_startHFXT                        
00000813  ADC14_IRQHandler                    
00000813  AES256_IRQHandler                   
00000813  BusFault_Handler                    
00000813  COMP_E0_IRQHandler                  
00000813  COMP_E1_IRQHandler                  
00000813  CS_IRQHandler                       
00000813  DMA_ERR_IRQHandler                  
00000813  DMA_INT0_IRQHandler                 
00000813  DMA_INT1_IRQHandler                 
00000813  DMA_INT2_IRQHandler                 
00000813  DMA_INT3_IRQHandler                 
00000813  DebugMon_Handler                    
00000813  Default_Handler                     
00000813  EUSCIA0_IRQHandler                  
00000813  EUSCIA1_IRQHandler                  
00000813  EUSCIA2_IRQHandler                  
00000813  EUSCIA3_IRQHandler                  
00000813  EUSCIB0_IRQHandler                  
00000813  EUSCIB1_IRQHandler                  
00000813  EUSCIB2_IRQHandler                  
00000813  EUSCIB3_IRQHandler                  
00000813  FLCTL_IRQHandler                    
00000813  FPU_IRQHandler                      
00000813  HardFault_Handler                   
00000813  MemManage_Handler                   
00000813  NMI_Handler                         
00000813  PCM_IRQHandler                      
00000813  PORT1_IRQHandler                    
00000813  PORT2_IRQHandler                    
00000813  PORT3_IRQHandler                    
00000813  PORT4_IRQHandler                    
00000813  PORT5_IRQHandler                    
00000813  PORT6_IRQHandler                    
00000813  PSS_IRQHandler                      
00000813  PendSV_Handler                      
00000813  RTC_C_IRQHandler                    
00000813  SVC_Handler                         
00000813  SysTick_Handler                     
00000813  T32_INT1_IRQHandler                 
00000813  T32_INT2_IRQHandler                 
00000813  T32_INTC_IRQHandler                 
00000813  TA0_0_IRQHandler                    
00000813  TA0_N_IRQHandler                    
00000813  TA1_0_IRQHandler                    
00000813  TA1_N_IRQHandler                    
00000813  TA2_0_IRQHandler                    
00000813  TA2_N_IRQHandler                    
00000813  TA3_0_IRQHandler                    
00000813  TA3_N_IRQHandler                    
00000813  UsageFault_Handler                  
00000813  WDT_A_IRQHandler                    
00000815  SysCtl_A_getNMISourceStatus         
00000825  __TI_decompress_none                
00000833  Reset_Handler                       
0000083f  Switch_init                         
0000084b  _system_pre_init                    
0000084f  C$$EXIT                             
0000084f  abort                               
00000854  noteHalfPeriod                      
000008e4  upConfig                            
000008fc  compareConfig_PWM1                  
0000090c  port_mapping                        
00000918  __TI_Handler_Table_Base             
00000924  __TI_Handler_Table_Limit            
00000938  __TI_CINIT_Base                     
00000948  __TI_CINIT_Limit                    
20000000  __start___llvm_prf_cnts             
20000000  __stop___llvm_prf_cnts              
20000008  noteIndex                           
2000fe00  __stack                             
20010000  __STACK_END                         
4000480c  WDTCTL_SYM                          
ffffffff  __TI_pprof_out_hndl                 
ffffffff  __TI_prof_data_size                 
ffffffff  __TI_prof_data_start                
ffffffff  __binit__                           
ffffffff  __c_args__                          
ffffffff  binit                               
UNDEFED   __mpu_init                          
UNDEFED   _system_post_cinit                  

[105 symbols]
